BLAD: Proba nadpisania zmiennej i typu const w linii 7
