BLAD: Uzycie zmiennej a bez inicjalizacji w linii 0
