BLAD: Uzycie zmiennej a bez inicjalizacji w linii 5
