BLAD: Uzycie zmiennej b bez inicjalizacji w linii 6
